### TZ=UTC :: C:\Users\efebu\rvn-ledger-work\.venv\Scripts\python.exe -m unittest discover -s tests -v :: exit 0
test_generated_conservation (test_aggregation.AggregationTests.test_generated_conservation) ... ok
test_groups_and_preserves_sources (test_aggregation.AggregationTests.test_groups_and_preserves_sources) ... ok
test_iterator_inputs_are_read_once_and_ids_are_validated (test_aggregation.AggregationTests.test_iterator_inputs_are_read_once_and_ids_are_validated) ... ok
test_key_order_is_sorted_regardless_of_input_order (test_aggregation.AggregationTests.test_key_order_is_sorted_regardless_of_input_order) ... ok
test_large_integer_exactness (test_aggregation.AggregationTests.test_large_integer_exactness) ... ok
test_order_does_not_change_result (test_aggregation.AggregationTests.test_order_does_not_change_result) ... ok
test_plain_rows_are_not_accepted_events (test_aggregation.AggregationTests.test_plain_rows_are_not_accepted_events) ... ok
test_rejects_invalid_or_duplicate_inputs (test_aggregation.AggregationTests.test_rejects_invalid_or_duplicate_inputs) ... ok
test_bad_nested_audit_is_controlled_cli_error (test_audit.AuditTests.test_bad_nested_audit_is_controlled_cli_error) ... ok
test_duplicate_target_and_formula_corruption_rejected (test_audit.AuditTests.test_duplicate_target_and_formula_corruption_rejected) ... ok
test_every_raw_line_has_one_decision_with_source_hash (test_audit.AuditTests.test_every_raw_line_has_one_decision_with_source_hash) ... ok
test_every_usage_line_traces_to_events_whose_units_reproduce_it (test_audit.AuditTests.test_every_usage_line_traces_to_events_whose_units_reproduce_it) ... ok
test_manifest_nested_container_types_are_validated (test_audit.AuditTests.test_manifest_nested_container_types_are_validated) ... ok
test_quarantine_entries_are_in_source_order_with_primary_reason (test_audit.AuditTests.test_quarantine_entries_are_in_source_order_with_primary_reason) ... ok
test_reconcile_recomputes_every_invoice_from_the_trail (test_audit.AuditTests.test_reconcile_recomputes_every_invoice_from_the_trail) ... ok
test_shifted_tier_units_rejected_even_with_consistent_amounts (test_audit.AuditTests.test_shifted_tier_units_rejected_even_with_consistent_amounts) ... ok
test_actual_manifest_reconciles_and_has_the_expected_schema (test_audit.ManifestInputMetadataTests.test_actual_manifest_reconciles_and_has_the_expected_schema) ... ok
test_cli_check_and_explain_fail_closed_on_bad_input_field_types (test_audit.ManifestInputMetadataTests.test_cli_check_and_explain_fail_closed_on_bad_input_field_types) ... ok
test_cli_check_and_explain_fail_closed_without_an_input_entry (test_audit.ManifestInputMetadataTests.test_cli_check_and_explain_fail_closed_without_an_input_entry) ... ok
test_entry_shapes_and_field_types_are_validated (test_audit.ManifestInputMetadataTests.test_entry_shapes_and_field_types_are_validated) ... ok
test_every_required_input_entry_is_required_and_nothing_else_is_allowed (test_audit.ManifestInputMetadataTests.test_every_required_input_entry_is_required_and_nothing_else_is_allowed) ... ok
test_manifest_inputs_reject_missing_and_malformed_metadata (test_audit.ManifestInputMetadataTests.test_manifest_inputs_reject_missing_and_malformed_metadata) ... ok
test_record_counts_reconcile_with_the_run (test_audit.ManifestInputMetadataTests.test_record_counts_reconcile_with_the_run) ... ok
test_alias (test_cli.CommandLineTests.test_alias) ... ok
test_cp1252_human_and_json_all_commands (test_cli.CommandLineTests.test_cp1252_human_and_json_all_commands) ... ok
test_defaults (test_cli.CommandLineTests.test_defaults) ... ok
test_help (test_cli.CommandLineTests.test_help) ... ok
test_human_output_on_windows_codepage (test_cli.CommandLineTests.test_human_output_on_windows_codepage) ... ok
test_missing_input (test_cli.CommandLineTests.test_missing_input) ... ok
test_version (test_cli.CommandLineTests.test_version) ... ok
test_display_is_lossless_where_the_stream_can_encode (test_cli.SafeHumanDisplayTests.test_display_is_lossless_where_the_stream_can_encode) ... ok
test_error_diagnostics_on_a_strict_legacy_stderr_are_safe (test_cli.SafeHumanDisplayTests.test_error_diagnostics_on_a_strict_legacy_stderr_are_safe) ... ok
test_json_summaries_keep_the_exact_path_on_cp1252_stdout (test_cli.SafeHumanDisplayTests.test_json_summaries_keep_the_exact_path_on_cp1252_stdout) ... ok
test_real_cp1252_stdout_in_a_subprocess (test_cli.SafeHumanDisplayTests.test_real_cp1252_stdout_in_a_subprocess) ... ok
test_run_check_explain_on_cp1252_stdout_with_a_non_latin_output_path (test_cli.SafeHumanDisplayTests.test_run_check_explain_on_cp1252_stdout_with_a_non_latin_output_path) ... ok
test_context_has_no_mutable_configuration_aliases (test_context.PreparedContextTests.test_context_has_no_mutable_configuration_aliases) ... ok
test_context_resolution_and_aggregation_happen_once_per_run (test_context.PreparedContextTests.test_context_resolution_and_aggregation_happen_once_per_run) ... ok
test_events_out_of_order_give_the_same_invoices (test_hazards.HazardTests.test_events_out_of_order_give_the_same_invoices) ... ok
test_rule1_period_is_half_open_in_each_accounts_local_timezone (test_hazards.HazardTests.test_rule1_period_is_half_open_in_each_accounts_local_timezone) ... ok
test_rule2_first_copy_by_ingest_seq_wins_even_with_a_different_payload (test_hazards.HazardTests.test_rule2_first_copy_by_ingest_seq_wins_even_with_a_different_payload) ... ok
test_rule3_late_arrivals_more_than_48h_after_the_local_period_end_are_excluded (test_hazards.HazardTests.test_rule3_late_arrivals_more_than_48h_after_the_local_period_end_are_excluded) ... ok
test_rule4_bad_records_are_quarantined_with_a_reason_and_the_run_continues (test_hazards.HazardTests.test_rule4_bad_records_are_quarantined_with_a_reason_and_the_run_continues) ... ok
test_rule5_subscription_is_prorated_by_whole_local_days_per_plan_segment (test_hazards.HazardTests.test_rule5_subscription_is_prorated_by_whole_local_days_per_plan_segment) ... ok
test_rule6_usage_is_priced_on_the_period_end_plan_with_cumulative_brackets (test_hazards.HazardTests.test_rule6_usage_is_priced_on_the_period_end_plan_with_cumulative_brackets) ... ok
test_rule7_each_line_rounds_half_up_and_the_subtotal_sums_rounded_lines (test_hazards.HazardTests.test_rule7_each_line_rounds_half_up_and_the_subtotal_sums_rounded_lines) ... ok
test_rule8_credit_is_capped_at_the_subtotal_and_the_rest_is_reported (test_hazards.HazardTests.test_rule8_credit_is_capped_at_the_subtotal_and_the_rest_is_reported) ... ok
test_rule9_currencies_are_never_mixed_and_an_account_without_usage_still_gets_an_invoice (test_hazards.HazardTests.test_rule9_currencies_are_never_mixed_and_an_account_without_usage_still_gets_an_invoice) ... ok
test_configuration_errors_are_fatal (test_inputs.InputTests.test_configuration_errors_are_fatal) ... ok
test_configuration_surrogates_fail_closed (test_inputs.InputTests.test_configuration_surrogates_fail_closed) ... ok
test_deep_nesting_is_quarantined_not_crashed (test_inputs.InputTests.test_deep_nesting_is_quarantined_not_crashed) ... ok
test_final_line_and_empty_file (test_inputs.InputTests.test_final_line_and_empty_file) ... ok
test_invalid_encoding_duplicate_keys_and_nonfinite (test_inputs.InputTests.test_invalid_encoding_duplicate_keys_and_nonfinite) ... ok
test_json_and_hash (test_inputs.InputTests.test_json_and_hash) ... ok
test_malformed_lines_survive_with_source (test_inputs.InputTests.test_malformed_lines_survive_with_source) ... ok
test_nested_repeated_identity_keys_do_not_block_top_level_salvage (test_inputs.InputTests.test_nested_repeated_identity_keys_do_not_block_top_level_salvage) ... ok
test_non_objects_and_blank_are_not_silently_dropped (test_inputs.InputTests.test_non_objects_and_blank_are_not_silently_dropped) ... ok
test_overflowing_float_is_rejected_like_infinity (test_inputs.InputTests.test_overflowing_float_is_rejected_like_infinity) ... ok
test_strictly_rejected_line_keeps_only_unambiguous_identity (test_inputs.InputTests.test_strictly_rejected_line_keeps_only_unambiguous_identity) ... ok
test_admission_boundary_and_identity_recovery (test_inputs.IntegerBoundaryTests.test_admission_boundary_and_identity_recovery) ... ok
test_maximum_admitted_products_serialize_under_minimum_python_limit (test_inputs.IntegerBoundaryTests.test_maximum_admitted_products_serialize_under_minimum_python_limit) ... ok
test_original_4300_digit_reproducer_keeps_billing_other_records (test_inputs.IntegerBoundaryTests.test_original_4300_digit_reproducer_keeps_billing_other_records) ... ok
test_rejected_canonical_integer_cannot_be_replaced (test_inputs.IntegerBoundaryTests.test_rejected_canonical_integer_cannot_be_replaced) ... ok
test_billable_units_equal_accepted_units_and_tier_units (test_invariants.InvoicePropertyTests.test_billable_units_equal_accepted_units_and_tier_units) ... ok
test_file_order_never_changes_an_invoice_when_sequences_are_unique (test_invariants.InvoicePropertyTests.test_file_order_never_changes_an_invoice_when_sequences_are_unique) ... ok
test_later_duplicate_never_changes_an_invoice (test_invariants.InvoicePropertyTests.test_later_duplicate_never_changes_an_invoice) ... ok
test_more_credit_never_increases_the_total (test_invariants.InvoicePropertyTests.test_more_credit_never_increases_the_total) ... ok
test_one_accounts_events_never_change_another_invoice (test_invariants.InvoicePropertyTests.test_one_accounts_events_never_change_another_invoice) ... ok
test_every_line_has_one_disposition_and_accepted_units_are_conserved (test_invariants.MessyRunInvariantTests.test_every_line_has_one_disposition_and_accepted_units_are_conserved) ... ok
test_every_run_reconciles_and_keeps_the_money_invariants (test_invariants.MessyRunInvariantTests.test_every_run_reconciles_and_keeps_the_money_invariants) ... ok
test_same_inputs_serialize_to_the_same_bytes (test_invariants.MessyRunInvariantTests.test_same_inputs_serialize_to_the_same_bytes) ... ok
test_bad_credit_or_account_configuration_fails_closed (test_invoice.InvoiceTests.test_bad_credit_or_account_configuration_fails_closed) ... ok
test_contract_shape_and_key_order_exactly (test_invoice.InvoiceTests.test_contract_shape_and_key_order_exactly) ... ok
test_credit_variants (test_invoice.InvoiceTests.test_credit_variants) ... ok
test_currencies_are_never_mixed (test_invoice.InvoiceTests.test_currencies_are_never_mixed) ... ok
test_hand_verified_invoices_for_every_hazard (test_invoice.InvoiceTests.test_hand_verified_invoices_for_every_hazard) ... ok
test_invoice_key_order_survives_serialisation (test_invoice.InvoiceTests.test_invoice_key_order_survives_serialisation) ... ok
test_invoices_sorted_by_account_id_regardless_of_input_order (test_invoice.InvoiceTests.test_invoices_sorted_by_account_id_regardless_of_input_order) ... ok
test_no_usage_account_gets_subscription_only_invoice_with_credit_rule (test_invoice.InvoiceTests.test_no_usage_account_gets_subscription_only_invoice_with_credit_rule) ... ok
test_quarantined_count_counts_only_attributable_records (test_invoice.InvoiceTests.test_quarantined_count_counts_only_attributable_records) ... ok
test_total_is_sum_of_rounded_lines_minus_capped_credit_never_negative (test_invoice.InvoiceTests.test_total_is_sum_of_rounded_lines_minus_capped_credit_never_negative) ... ok
test_usage_is_priced_on_the_period_end_plan (test_invoice.InvoiceTests.test_usage_is_priced_on_the_period_end_plan) ... ok
test_apply_credit_rejects_non_money_values (test_money.MoneyTests.test_apply_credit_rejects_non_money_values) ... ok
test_apply_credit_takes_only_a_sequence_of_line_amounts (test_money.MoneyTests.test_apply_credit_takes_only_a_sequence_of_line_amounts) ... ok
test_credit_capped (test_money.MoneyTests.test_credit_capped) ... ok
test_credit_monotonic_property (test_money.MoneyTests.test_credit_monotonic_property) ... ok
test_half_up_boundaries (test_money.MoneyTests.test_half_up_boundaries) ... ok
test_invalid_money_inputs_rejected (test_money.MoneyTests.test_invalid_money_inputs_rejected) ... ok
test_large_integer_is_exact (test_money.MoneyTests.test_large_integer_is_exact) ... ok
test_lines_round_before_credit (test_money.MoneyTests.test_lines_round_before_credit) ... ok
test_no_usage_still_has_subscription (test_money.MoneyTests.test_no_usage_still_has_subscription) ... ok
test_subscription_amount_rejects_invalid_days_and_fees (test_money.MoneyTests.test_subscription_amount_rejects_invalid_days_and_fees) ... ok
test_subscription_proration (test_money.MoneyTests.test_subscription_proration) ... ok
test_actual_manifest_has_no_system_path (test_outputs.PublishTests.test_actual_manifest_has_no_system_path) ... ok
test_check_outputs_rejects_tampering_and_incomplete_sets (test_outputs.PublishTests.test_check_outputs_rejects_tampering_and_incomplete_sets) ... ok
test_every_replacement_failure_restores_previous_good_output (test_outputs.PublishTests.test_every_replacement_failure_restores_previous_good_output) ... ok
test_failed_publish_leaves_no_partial_output_set (test_outputs.PublishTests.test_failed_publish_leaves_no_partial_output_set) ... ok
test_failure_while_moving_files_into_place_is_detectable (test_outputs.PublishTests.test_failure_while_moving_files_into_place_is_detectable) ... ok
test_malformed_output_metadata_is_controlled_error (test_outputs.PublishTests.test_malformed_output_metadata_is_controlled_error) ... ok
test_manifest_contains_no_clock_random_id_or_absolute_path (test_outputs.PublishTests.test_manifest_contains_no_clock_random_id_or_absolute_path) ... ok
test_publish_twice_is_byte_identical_and_replaces_stale_outputs (test_outputs.PublishTests.test_publish_twice_is_byte_identical_and_replaces_stale_outputs) ... ok
test_publish_writes_all_files_then_manifest_and_check_passes (test_outputs.PublishTests.test_publish_writes_all_files_then_manifest_and_check_passes) ... ok
test_rollback_failure_keeps_recovery_and_fails_closed (test_outputs.PublishTests.test_rollback_failure_keeps_recovery_and_fails_closed) ... ok
test_staging_directory_blocks_publish_and_check_without_deletion (test_outputs.PublishTests.test_staging_directory_blocks_publish_and_check_without_deletion) ... ok
test_bytes_are_stable_utf8_with_final_newline (test_outputs.SerializationTests.test_bytes_are_stable_utf8_with_final_newline) ... ok
test_non_finite_and_non_json_values_are_refused (test_outputs.SerializationTests.test_non_finite_and_non_json_values_are_refused) ... ok
test_serialization_preserves_invalid_identity_without_utf8_crash (test_outputs.SerializationTests.test_serialization_preserves_invalid_identity_without_utf8_crash) ... ok
test_exit_codes_distinguish_usage_configuration_and_success (test_pipeline.CliTests.test_exit_codes_distinguish_usage_configuration_and_success) ... ok
test_io_error_has_controlled_cli_exit (test_pipeline.CliTests.test_io_error_has_controlled_cli_exit) ... ok
test_isolated_runtime_with_package_only_timezone_database (test_pipeline.CliTests.test_isolated_runtime_with_package_only_timezone_database) ... ok
test_no_network_and_no_model_access_at_runtime (test_pipeline.CliTests.test_no_network_and_no_model_access_at_runtime) ... ok
test_run_writes_contract_outputs_and_is_byte_identical_across_runs_cwd_and_tz (test_pipeline.CliTests.test_run_writes_contract_outputs_and_is_byte_identical_across_runs_cwd_and_tz) ... ok
test_surrogate_record_quarantines_and_valid_records_still_publish (test_pipeline.CliTests.test_surrogate_record_quarantines_and_valid_records_still_publish) ... ok
test_configuration_is_checked_before_event_reader (test_pipeline.PipelineTests.test_configuration_is_checked_before_event_reader) ... ok
test_empty_event_stream_still_invoices_every_account (test_pipeline.PipelineTests.test_empty_event_stream_still_invoices_every_account) ... ok
test_run_ledger_reproduces_the_hand_verified_outputs (test_pipeline.PipelineTests.test_run_ledger_reproduces_the_hand_verified_outputs) ... ok
test_unusable_configuration_stops_before_any_output (test_pipeline.PipelineTests.test_unusable_configuration_stops_before_any_output) ... ok
test_supplied_inputs_run_twice_byte_identical_with_reconciled_counts (test_pipeline.RealDataTests.test_supplied_inputs_run_twice_byte_identical_with_reconciled_counts) ... ok
test_bad_configuration_fails_before_any_event_is_classified (test_selection.ClassificationTests.test_bad_configuration_fails_before_any_event_is_classified) ... ok
test_empty_input_still_reconciles (test_selection.ClassificationTests.test_empty_input_still_reconciles) ... ok
test_every_line_gets_exactly_one_terminal_status (test_selection.ClassificationTests.test_every_line_gets_exactly_one_terminal_status) ... ok
test_nested_repeated_identity_key_does_not_let_later_copy_win (test_selection.ClassificationTests.test_nested_repeated_identity_key_does_not_let_later_copy_win) ... ok
test_overlapping_deduplication_outcomes_are_refused (test_selection.ClassificationTests.test_overlapping_deduplication_outcomes_are_refused) ... ok
test_strictly_rejected_first_copy_is_quarantined_end_to_end (test_selection.ClassificationTests.test_strictly_rejected_first_copy_is_quarantined_end_to_end) ... ok
test_ambiguous_identity_line_cannot_claim_an_event (test_selection.SelectionTests.test_ambiguous_identity_line_cannot_claim_an_event) ... ok
test_bad_first_payload_is_not_replaced (test_selection.SelectionTests.test_bad_first_payload_is_not_replaced) ... ok
test_different_payload_still_duplicate (test_selection.SelectionTests.test_different_payload_still_duplicate) ... ok
test_equal_sequence_uses_source_line_as_documented_tiebreak (test_selection.SelectionTests.test_equal_sequence_uses_source_line_as_documented_tiebreak) ... ok
test_every_row_has_exactly_one_outcome (test_selection.SelectionTests.test_every_row_has_exactly_one_outcome) ... ok
test_invalid_identity_or_sequence_is_quarantined (test_selection.SelectionTests.test_invalid_identity_or_sequence_is_quarantined) ... ok
test_parse_errors_keep_original_reason (test_selection.SelectionTests.test_parse_errors_keep_original_reason) ... ok
test_permutations_preserve_winner_payloads_when_sequences_unique (test_selection.SelectionTests.test_permutations_preserve_winner_payloads_when_sequences_unique) ... ok
test_smallest_sequence_wins_not_file_order (test_selection.SelectionTests.test_smallest_sequence_wins_not_file_order) ... ok
test_strictly_rejected_first_copy_is_not_replaced_by_later_valid_copy (test_selection.SelectionTests.test_strictly_rejected_first_copy_is_not_replaced_by_later_valid_copy) ... ok
test_strictly_rejected_later_copy_is_duplicate_not_quarantine (test_selection.SelectionTests.test_strictly_rejected_later_copy_is_duplicate_not_quarantine) ... ok
test_all_accounts_resolved_eagerly_and_sorted (test_subscription.SubscriptionTests.test_all_accounts_resolved_eagerly_and_sorted) ... ok
test_amounts_are_exact_integers_never_floats (test_subscription.SubscriptionTests.test_amounts_are_exact_integers_never_floats) ... ok
test_days_are_whole_local_calendar_days_across_dst (test_subscription.SubscriptionTests.test_days_are_whole_local_calendar_days_across_dst) ... ok
test_days_never_exceed_period_and_total_fee_conserved_property (test_subscription.SubscriptionTests.test_days_never_exceed_period_and_total_fee_conserved_property) ... ok
test_fee_is_looked_up_in_the_account_currency (test_subscription.SubscriptionTests.test_fee_is_looked_up_in_the_account_currency) ... ok
test_full_period_single_segment_is_full_fee (test_subscription.SubscriptionTests.test_full_period_single_segment_is_full_fee) ... ok
test_gap_inside_period_charges_only_covered_days (test_subscription.SubscriptionTests.test_gap_inside_period_charges_only_covered_days) ... ok
test_half_minor_unit_rounds_up_per_segment (test_subscription.SubscriptionTests.test_half_minor_unit_rounds_up_per_segment) ... ok
test_invalid_segment_definitions_fail_closed (test_subscription.SubscriptionTests.test_invalid_segment_definitions_fail_closed) ... ok
test_mid_period_plan_change_prorates_each_segment (test_subscription.SubscriptionTests.test_mid_period_plan_change_prorates_each_segment) ... ok
test_missing_currency_price_fails_closed (test_subscription.SubscriptionTests.test_missing_currency_price_fails_closed) ... ok
test_no_plan_at_period_end_fails_closed (test_subscription.SubscriptionTests.test_no_plan_at_period_end_fails_closed) ... ok
test_non_money_fee_fails_closed (test_subscription.SubscriptionTests.test_non_money_fee_fails_closed) ... ok
test_overlapping_segments_fail_closed (test_subscription.SubscriptionTests.test_overlapping_segments_fail_closed) ... ok
test_period_days_must_match_local_dates (test_subscription.SubscriptionTests.test_period_days_must_match_local_dates) ... ok
test_plan_change_at_exclusive_period_end_keeps_old_plan (test_subscription.SubscriptionTests.test_plan_change_at_exclusive_period_end_keeps_old_plan) ... ok
test_plan_change_on_last_local_day_selects_new_plan (test_subscription.SubscriptionTests.test_plan_change_on_last_local_day_selects_new_plan) ... ok
test_segment_order_in_input_does_not_matter (test_subscription.SubscriptionTests.test_segment_order_in_input_does_not_matter) ... ok
test_segments_are_clipped_to_the_period (test_subscription.SubscriptionTests.test_segments_are_clipped_to_the_period) ... ok
test_segments_outside_the_period_are_dropped (test_subscription.SubscriptionTests.test_segments_outside_the_period_are_dropped) ... ok
test_subscription_needs_no_usage_events (test_subscription.SubscriptionTests.test_subscription_needs_no_usage_events) ... ok
test_amounts_are_ints_and_units_conserved (test_tiers.TierTests.test_amounts_are_ints_and_units_conserved) ... ok
test_each_boundary_below_at_and_above (test_tiers.TierTests.test_each_boundary_below_at_and_above) ... ok
test_half_minor_unit_rounds_up_per_line (test_tiers.TierTests.test_half_minor_unit_rounds_up_per_line) ... ok
test_invalid_units_are_refused (test_tiers.TierTests.test_invalid_units_are_refused) ... ok
test_lines_are_priced_in_the_requested_currency_only (test_tiers.TierTests.test_lines_are_priced_in_the_requested_currency_only) ... ok
test_unusable_tariffs_fail_closed (test_tiers.TierTests.test_unusable_tariffs_fail_closed) ... ok
test_usage_spanning_several_tiers_is_cumulative_over_the_period (test_tiers.TierTests.test_usage_spanning_several_tiers_is_cumulative_over_the_period) ... ok
test_zero_usage_produces_no_line (test_tiers.TierTests.test_zero_usage_produces_no_line) ... ok
test_account_bounds_resolves_every_account_eagerly (test_timing.TimingTests.test_account_bounds_resolves_every_account_eagerly) ... ok
test_bad_configuration_fails_closed (test_timing.TimingTests.test_bad_configuration_fails_closed) ... ok
test_dst_cutoff_is_elapsed_hours_not_wall_days (test_timing.TimingTests.test_dst_cutoff_is_elapsed_hours_not_wall_days) ... ok
test_equivalent_offsets_have_same_result (test_timing.TimingTests.test_equivalent_offsets_have_same_result) ... ok
test_host_dependent_zone_keys_are_rejected (test_timing.TimingTests.test_host_dependent_zone_keys_are_rejected) ... ok
test_invalid_event_cannot_enter_time_filter (test_timing.TimingTests.test_invalid_event_cannot_enter_time_filter) ... ok
test_late_boundary_is_inclusive (test_timing.TimingTests.test_late_boundary_is_inclusive) ... ok
test_outside_period_precedes_late (test_timing.TimingTests.test_outside_period_precedes_late) ... ok
test_period_boundaries_in_all_source_zones (test_timing.TimingTests.test_period_boundaries_in_all_source_zones) ... ok
test_period_dates_use_the_same_strict_parser_as_subscription (test_timing.TimingTests.test_period_dates_use_the_same_strict_parser_as_subscription) ... ok
test_submicrosecond_cutoff_and_period_boundaries (test_timing.TimingTests.test_submicrosecond_cutoff_and_period_boundaries) ... ok
test_all_reasons_have_fixed_precedence (test_validation.ValidationTests.test_all_reasons_have_fixed_precedence) ... ok
test_deduplication_cannot_repair_invalid_first_copy (test_validation.ValidationTests.test_deduplication_cannot_repair_invalid_first_copy) ... ok
test_equivalent_offset_normalizes_to_same_instant (test_validation.ValidationTests.test_equivalent_offset_normalizes_to_same_instant) ... ok
test_invalid_ingestion_timestamp (test_validation.ValidationTests.test_invalid_ingestion_timestamp) ... ok
test_invalid_usage_timestamp (test_validation.ValidationTests.test_invalid_usage_timestamp) ... ok
test_large_integer_is_preserved (test_validation.ValidationTests.test_large_integer_is_preserved) ... ok
test_missing_or_noninteger_units (test_validation.ValidationTests.test_missing_or_noninteger_units) ... ok
test_nonpositive_units (test_validation.ValidationTests.test_nonpositive_units) ... ok
test_unknown_account_without_unhashable_crash (test_validation.ValidationTests.test_unknown_account_without_unhashable_crash) ... ok
test_unknown_metric_without_unhashable_crash (test_validation.ValidationTests.test_unknown_metric_without_unhashable_crash) ... ok
test_valid_event_keeps_source_and_parsed_utc_times (test_validation.ValidationTests.test_valid_event_keeps_source_and_parsed_utc_times) ... ok
test_hashes_bind_actual_package_and_track_mutations (test_verify_scripts.ReceiptBindingTests.test_hashes_bind_actual_package_and_track_mutations) ... ok
test_oracle_keeps_submicrosecond_precision_and_unicode_policy (test_verify_scripts.ReceiptBindingTests.test_oracle_keeps_submicrosecond_precision_and_unicode_policy) ... ok
test_mutation_addition_and_removal_of_package_sources_change_the_hashes (test_verify_scripts.ReceiptHashScopeTests.test_mutation_addition_and_removal_of_package_sources_change_the_hashes) ... ok
test_patterns_bind_the_installed_package_sources_and_lockfiles (test_verify_scripts.ReceiptHashScopeTests.test_patterns_bind_the_installed_package_sources_and_lockfiles) ... ok
test_compare_statuses_refuses_a_misclassified_winner (test_verify_scripts.TimingOracleTests.test_compare_statuses_refuses_a_misclassified_winner) ... ok
test_oracle_agrees_with_pipeline_and_notices_a_misclassified_winner (test_verify_scripts.TimingOracleTests.test_oracle_agrees_with_pipeline_and_notices_a_misclassified_winner) ... ok
test_oracle_handles_extreme_timestamps_like_the_product (test_verify_scripts.TimingOracleTests.test_oracle_handles_extreme_timestamps_like_the_product) ... ok
test_oracle_reproduces_hand_derived_statuses_for_every_line (test_verify_scripts.TimingOracleTests.test_oracle_reproduces_hand_derived_statuses_for_every_line) ... ok
test_artifact_hashes_cover_sources_and_own_log_but_not_other_gates_rewritten_logs (test_verify_scripts.VerifySupportTests.test_artifact_hashes_cover_sources_and_own_log_but_not_other_gates_rewritten_logs) ... ok

----------------------------------------------------------------------
Ran 194 tests in 65.333s

OK

### TZ=Pacific/Honolulu :: C:\Users\efebu\rvn-ledger-work\.venv\Scripts\python.exe -m unittest discover -s tests -v :: exit 0
test_generated_conservation (test_aggregation.AggregationTests.test_generated_conservation) ... ok
test_groups_and_preserves_sources (test_aggregation.AggregationTests.test_groups_and_preserves_sources) ... ok
test_iterator_inputs_are_read_once_and_ids_are_validated (test_aggregation.AggregationTests.test_iterator_inputs_are_read_once_and_ids_are_validated) ... ok
test_key_order_is_sorted_regardless_of_input_order (test_aggregation.AggregationTests.test_key_order_is_sorted_regardless_of_input_order) ... ok
test_large_integer_exactness (test_aggregation.AggregationTests.test_large_integer_exactness) ... ok
test_order_does_not_change_result (test_aggregation.AggregationTests.test_order_does_not_change_result) ... ok
test_plain_rows_are_not_accepted_events (test_aggregation.AggregationTests.test_plain_rows_are_not_accepted_events) ... ok
test_rejects_invalid_or_duplicate_inputs (test_aggregation.AggregationTests.test_rejects_invalid_or_duplicate_inputs) ... ok
test_bad_nested_audit_is_controlled_cli_error (test_audit.AuditTests.test_bad_nested_audit_is_controlled_cli_error) ... ok
test_duplicate_target_and_formula_corruption_rejected (test_audit.AuditTests.test_duplicate_target_and_formula_corruption_rejected) ... ok
test_every_raw_line_has_one_decision_with_source_hash (test_audit.AuditTests.test_every_raw_line_has_one_decision_with_source_hash) ... ok
test_every_usage_line_traces_to_events_whose_units_reproduce_it (test_audit.AuditTests.test_every_usage_line_traces_to_events_whose_units_reproduce_it) ... ok
test_manifest_nested_container_types_are_validated (test_audit.AuditTests.test_manifest_nested_container_types_are_validated) ... ok
test_quarantine_entries_are_in_source_order_with_primary_reason (test_audit.AuditTests.test_quarantine_entries_are_in_source_order_with_primary_reason) ... ok
test_reconcile_recomputes_every_invoice_from_the_trail (test_audit.AuditTests.test_reconcile_recomputes_every_invoice_from_the_trail) ... ok
test_shifted_tier_units_rejected_even_with_consistent_amounts (test_audit.AuditTests.test_shifted_tier_units_rejected_even_with_consistent_amounts) ... ok
test_actual_manifest_reconciles_and_has_the_expected_schema (test_audit.ManifestInputMetadataTests.test_actual_manifest_reconciles_and_has_the_expected_schema) ... ok
test_cli_check_and_explain_fail_closed_on_bad_input_field_types (test_audit.ManifestInputMetadataTests.test_cli_check_and_explain_fail_closed_on_bad_input_field_types) ... ok
test_cli_check_and_explain_fail_closed_without_an_input_entry (test_audit.ManifestInputMetadataTests.test_cli_check_and_explain_fail_closed_without_an_input_entry) ... ok
test_entry_shapes_and_field_types_are_validated (test_audit.ManifestInputMetadataTests.test_entry_shapes_and_field_types_are_validated) ... ok
test_every_required_input_entry_is_required_and_nothing_else_is_allowed (test_audit.ManifestInputMetadataTests.test_every_required_input_entry_is_required_and_nothing_else_is_allowed) ... ok
test_manifest_inputs_reject_missing_and_malformed_metadata (test_audit.ManifestInputMetadataTests.test_manifest_inputs_reject_missing_and_malformed_metadata) ... ok
test_record_counts_reconcile_with_the_run (test_audit.ManifestInputMetadataTests.test_record_counts_reconcile_with_the_run) ... ok
test_alias (test_cli.CommandLineTests.test_alias) ... ok
test_cp1252_human_and_json_all_commands (test_cli.CommandLineTests.test_cp1252_human_and_json_all_commands) ... ok
test_defaults (test_cli.CommandLineTests.test_defaults) ... ok
test_help (test_cli.CommandLineTests.test_help) ... ok
test_human_output_on_windows_codepage (test_cli.CommandLineTests.test_human_output_on_windows_codepage) ... ok
test_missing_input (test_cli.CommandLineTests.test_missing_input) ... ok
test_version (test_cli.CommandLineTests.test_version) ... ok
test_display_is_lossless_where_the_stream_can_encode (test_cli.SafeHumanDisplayTests.test_display_is_lossless_where_the_stream_can_encode) ... ok
test_error_diagnostics_on_a_strict_legacy_stderr_are_safe (test_cli.SafeHumanDisplayTests.test_error_diagnostics_on_a_strict_legacy_stderr_are_safe) ... ok
test_json_summaries_keep_the_exact_path_on_cp1252_stdout (test_cli.SafeHumanDisplayTests.test_json_summaries_keep_the_exact_path_on_cp1252_stdout) ... ok
test_real_cp1252_stdout_in_a_subprocess (test_cli.SafeHumanDisplayTests.test_real_cp1252_stdout_in_a_subprocess) ... ok
test_run_check_explain_on_cp1252_stdout_with_a_non_latin_output_path (test_cli.SafeHumanDisplayTests.test_run_check_explain_on_cp1252_stdout_with_a_non_latin_output_path) ... ok
test_context_has_no_mutable_configuration_aliases (test_context.PreparedContextTests.test_context_has_no_mutable_configuration_aliases) ... ok
test_context_resolution_and_aggregation_happen_once_per_run (test_context.PreparedContextTests.test_context_resolution_and_aggregation_happen_once_per_run) ... ok
test_events_out_of_order_give_the_same_invoices (test_hazards.HazardTests.test_events_out_of_order_give_the_same_invoices) ... ok
test_rule1_period_is_half_open_in_each_accounts_local_timezone (test_hazards.HazardTests.test_rule1_period_is_half_open_in_each_accounts_local_timezone) ... ok
test_rule2_first_copy_by_ingest_seq_wins_even_with_a_different_payload (test_hazards.HazardTests.test_rule2_first_copy_by_ingest_seq_wins_even_with_a_different_payload) ... ok
test_rule3_late_arrivals_more_than_48h_after_the_local_period_end_are_excluded (test_hazards.HazardTests.test_rule3_late_arrivals_more_than_48h_after_the_local_period_end_are_excluded) ... ok
test_rule4_bad_records_are_quarantined_with_a_reason_and_the_run_continues (test_hazards.HazardTests.test_rule4_bad_records_are_quarantined_with_a_reason_and_the_run_continues) ... ok
test_rule5_subscription_is_prorated_by_whole_local_days_per_plan_segment (test_hazards.HazardTests.test_rule5_subscription_is_prorated_by_whole_local_days_per_plan_segment) ... ok
test_rule6_usage_is_priced_on_the_period_end_plan_with_cumulative_brackets (test_hazards.HazardTests.test_rule6_usage_is_priced_on_the_period_end_plan_with_cumulative_brackets) ... ok
test_rule7_each_line_rounds_half_up_and_the_subtotal_sums_rounded_lines (test_hazards.HazardTests.test_rule7_each_line_rounds_half_up_and_the_subtotal_sums_rounded_lines) ... ok
test_rule8_credit_is_capped_at_the_subtotal_and_the_rest_is_reported (test_hazards.HazardTests.test_rule8_credit_is_capped_at_the_subtotal_and_the_rest_is_reported) ... ok
test_rule9_currencies_are_never_mixed_and_an_account_without_usage_still_gets_an_invoice (test_hazards.HazardTests.test_rule9_currencies_are_never_mixed_and_an_account_without_usage_still_gets_an_invoice) ... ok
test_configuration_errors_are_fatal (test_inputs.InputTests.test_configuration_errors_are_fatal) ... ok
test_configuration_surrogates_fail_closed (test_inputs.InputTests.test_configuration_surrogates_fail_closed) ... ok
test_deep_nesting_is_quarantined_not_crashed (test_inputs.InputTests.test_deep_nesting_is_quarantined_not_crashed) ... ok
test_final_line_and_empty_file (test_inputs.InputTests.test_final_line_and_empty_file) ... ok
test_invalid_encoding_duplicate_keys_and_nonfinite (test_inputs.InputTests.test_invalid_encoding_duplicate_keys_and_nonfinite) ... ok
test_json_and_hash (test_inputs.InputTests.test_json_and_hash) ... ok
test_malformed_lines_survive_with_source (test_inputs.InputTests.test_malformed_lines_survive_with_source) ... ok
test_nested_repeated_identity_keys_do_not_block_top_level_salvage (test_inputs.InputTests.test_nested_repeated_identity_keys_do_not_block_top_level_salvage) ... ok
test_non_objects_and_blank_are_not_silently_dropped (test_inputs.InputTests.test_non_objects_and_blank_are_not_silently_dropped) ... ok
test_overflowing_float_is_rejected_like_infinity (test_inputs.InputTests.test_overflowing_float_is_rejected_like_infinity) ... ok
test_strictly_rejected_line_keeps_only_unambiguous_identity (test_inputs.InputTests.test_strictly_rejected_line_keeps_only_unambiguous_identity) ... ok
test_admission_boundary_and_identity_recovery (test_inputs.IntegerBoundaryTests.test_admission_boundary_and_identity_recovery) ... ok
test_maximum_admitted_products_serialize_under_minimum_python_limit (test_inputs.IntegerBoundaryTests.test_maximum_admitted_products_serialize_under_minimum_python_limit) ... ok
test_original_4300_digit_reproducer_keeps_billing_other_records (test_inputs.IntegerBoundaryTests.test_original_4300_digit_reproducer_keeps_billing_other_records) ... ok
test_rejected_canonical_integer_cannot_be_replaced (test_inputs.IntegerBoundaryTests.test_rejected_canonical_integer_cannot_be_replaced) ... ok
test_billable_units_equal_accepted_units_and_tier_units (test_invariants.InvoicePropertyTests.test_billable_units_equal_accepted_units_and_tier_units) ... ok
test_file_order_never_changes_an_invoice_when_sequences_are_unique (test_invariants.InvoicePropertyTests.test_file_order_never_changes_an_invoice_when_sequences_are_unique) ... ok
test_later_duplicate_never_changes_an_invoice (test_invariants.InvoicePropertyTests.test_later_duplicate_never_changes_an_invoice) ... ok
test_more_credit_never_increases_the_total (test_invariants.InvoicePropertyTests.test_more_credit_never_increases_the_total) ... ok
test_one_accounts_events_never_change_another_invoice (test_invariants.InvoicePropertyTests.test_one_accounts_events_never_change_another_invoice) ... ok
test_every_line_has_one_disposition_and_accepted_units_are_conserved (test_invariants.MessyRunInvariantTests.test_every_line_has_one_disposition_and_accepted_units_are_conserved) ... ok
test_every_run_reconciles_and_keeps_the_money_invariants (test_invariants.MessyRunInvariantTests.test_every_run_reconciles_and_keeps_the_money_invariants) ... ok
test_same_inputs_serialize_to_the_same_bytes (test_invariants.MessyRunInvariantTests.test_same_inputs_serialize_to_the_same_bytes) ... ok
test_bad_credit_or_account_configuration_fails_closed (test_invoice.InvoiceTests.test_bad_credit_or_account_configuration_fails_closed) ... ok
test_contract_shape_and_key_order_exactly (test_invoice.InvoiceTests.test_contract_shape_and_key_order_exactly) ... ok
test_credit_variants (test_invoice.InvoiceTests.test_credit_variants) ... ok
test_currencies_are_never_mixed (test_invoice.InvoiceTests.test_currencies_are_never_mixed) ... ok
test_hand_verified_invoices_for_every_hazard (test_invoice.InvoiceTests.test_hand_verified_invoices_for_every_hazard) ... ok
test_invoice_key_order_survives_serialisation (test_invoice.InvoiceTests.test_invoice_key_order_survives_serialisation) ... ok
test_invoices_sorted_by_account_id_regardless_of_input_order (test_invoice.InvoiceTests.test_invoices_sorted_by_account_id_regardless_of_input_order) ... ok
test_no_usage_account_gets_subscription_only_invoice_with_credit_rule (test_invoice.InvoiceTests.test_no_usage_account_gets_subscription_only_invoice_with_credit_rule) ... ok
test_quarantined_count_counts_only_attributable_records (test_invoice.InvoiceTests.test_quarantined_count_counts_only_attributable_records) ... ok
test_total_is_sum_of_rounded_lines_minus_capped_credit_never_negative (test_invoice.InvoiceTests.test_total_is_sum_of_rounded_lines_minus_capped_credit_never_negative) ... ok
test_usage_is_priced_on_the_period_end_plan (test_invoice.InvoiceTests.test_usage_is_priced_on_the_period_end_plan) ... ok
test_apply_credit_rejects_non_money_values (test_money.MoneyTests.test_apply_credit_rejects_non_money_values) ... ok
test_apply_credit_takes_only_a_sequence_of_line_amounts (test_money.MoneyTests.test_apply_credit_takes_only_a_sequence_of_line_amounts) ... ok
test_credit_capped (test_money.MoneyTests.test_credit_capped) ... ok
test_credit_monotonic_property (test_money.MoneyTests.test_credit_monotonic_property) ... ok
test_half_up_boundaries (test_money.MoneyTests.test_half_up_boundaries) ... ok
test_invalid_money_inputs_rejected (test_money.MoneyTests.test_invalid_money_inputs_rejected) ... ok
test_large_integer_is_exact (test_money.MoneyTests.test_large_integer_is_exact) ... ok
test_lines_round_before_credit (test_money.MoneyTests.test_lines_round_before_credit) ... ok
test_no_usage_still_has_subscription (test_money.MoneyTests.test_no_usage_still_has_subscription) ... ok
test_subscription_amount_rejects_invalid_days_and_fees (test_money.MoneyTests.test_subscription_amount_rejects_invalid_days_and_fees) ... ok
test_subscription_proration (test_money.MoneyTests.test_subscription_proration) ... ok
test_actual_manifest_has_no_system_path (test_outputs.PublishTests.test_actual_manifest_has_no_system_path) ... ok
test_check_outputs_rejects_tampering_and_incomplete_sets (test_outputs.PublishTests.test_check_outputs_rejects_tampering_and_incomplete_sets) ... ok
test_every_replacement_failure_restores_previous_good_output (test_outputs.PublishTests.test_every_replacement_failure_restores_previous_good_output) ... ok
test_failed_publish_leaves_no_partial_output_set (test_outputs.PublishTests.test_failed_publish_leaves_no_partial_output_set) ... ok
test_failure_while_moving_files_into_place_is_detectable (test_outputs.PublishTests.test_failure_while_moving_files_into_place_is_detectable) ... ok
test_malformed_output_metadata_is_controlled_error (test_outputs.PublishTests.test_malformed_output_metadata_is_controlled_error) ... ok
test_manifest_contains_no_clock_random_id_or_absolute_path (test_outputs.PublishTests.test_manifest_contains_no_clock_random_id_or_absolute_path) ... ok
test_publish_twice_is_byte_identical_and_replaces_stale_outputs (test_outputs.PublishTests.test_publish_twice_is_byte_identical_and_replaces_stale_outputs) ... ok
test_publish_writes_all_files_then_manifest_and_check_passes (test_outputs.PublishTests.test_publish_writes_all_files_then_manifest_and_check_passes) ... ok
test_rollback_failure_keeps_recovery_and_fails_closed (test_outputs.PublishTests.test_rollback_failure_keeps_recovery_and_fails_closed) ... ok
test_staging_directory_blocks_publish_and_check_without_deletion (test_outputs.PublishTests.test_staging_directory_blocks_publish_and_check_without_deletion) ... ok
test_bytes_are_stable_utf8_with_final_newline (test_outputs.SerializationTests.test_bytes_are_stable_utf8_with_final_newline) ... ok
test_non_finite_and_non_json_values_are_refused (test_outputs.SerializationTests.test_non_finite_and_non_json_values_are_refused) ... ok
test_serialization_preserves_invalid_identity_without_utf8_crash (test_outputs.SerializationTests.test_serialization_preserves_invalid_identity_without_utf8_crash) ... ok
test_exit_codes_distinguish_usage_configuration_and_success (test_pipeline.CliTests.test_exit_codes_distinguish_usage_configuration_and_success) ... ok
test_io_error_has_controlled_cli_exit (test_pipeline.CliTests.test_io_error_has_controlled_cli_exit) ... ok
test_isolated_runtime_with_package_only_timezone_database (test_pipeline.CliTests.test_isolated_runtime_with_package_only_timezone_database) ... ok
test_no_network_and_no_model_access_at_runtime (test_pipeline.CliTests.test_no_network_and_no_model_access_at_runtime) ... ok
test_run_writes_contract_outputs_and_is_byte_identical_across_runs_cwd_and_tz (test_pipeline.CliTests.test_run_writes_contract_outputs_and_is_byte_identical_across_runs_cwd_and_tz) ... ok
test_surrogate_record_quarantines_and_valid_records_still_publish (test_pipeline.CliTests.test_surrogate_record_quarantines_and_valid_records_still_publish) ... ok
test_configuration_is_checked_before_event_reader (test_pipeline.PipelineTests.test_configuration_is_checked_before_event_reader) ... ok
test_empty_event_stream_still_invoices_every_account (test_pipeline.PipelineTests.test_empty_event_stream_still_invoices_every_account) ... ok
test_run_ledger_reproduces_the_hand_verified_outputs (test_pipeline.PipelineTests.test_run_ledger_reproduces_the_hand_verified_outputs) ... ok
test_unusable_configuration_stops_before_any_output (test_pipeline.PipelineTests.test_unusable_configuration_stops_before_any_output) ... ok
test_supplied_inputs_run_twice_byte_identical_with_reconciled_counts (test_pipeline.RealDataTests.test_supplied_inputs_run_twice_byte_identical_with_reconciled_counts) ... ok
test_bad_configuration_fails_before_any_event_is_classified (test_selection.ClassificationTests.test_bad_configuration_fails_before_any_event_is_classified) ... ok
test_empty_input_still_reconciles (test_selection.ClassificationTests.test_empty_input_still_reconciles) ... ok
test_every_line_gets_exactly_one_terminal_status (test_selection.ClassificationTests.test_every_line_gets_exactly_one_terminal_status) ... ok
test_nested_repeated_identity_key_does_not_let_later_copy_win (test_selection.ClassificationTests.test_nested_repeated_identity_key_does_not_let_later_copy_win) ... ok
test_overlapping_deduplication_outcomes_are_refused (test_selection.ClassificationTests.test_overlapping_deduplication_outcomes_are_refused) ... ok
test_strictly_rejected_first_copy_is_quarantined_end_to_end (test_selection.ClassificationTests.test_strictly_rejected_first_copy_is_quarantined_end_to_end) ... ok
test_ambiguous_identity_line_cannot_claim_an_event (test_selection.SelectionTests.test_ambiguous_identity_line_cannot_claim_an_event) ... ok
test_bad_first_payload_is_not_replaced (test_selection.SelectionTests.test_bad_first_payload_is_not_replaced) ... ok
test_different_payload_still_duplicate (test_selection.SelectionTests.test_different_payload_still_duplicate) ... ok
test_equal_sequence_uses_source_line_as_documented_tiebreak (test_selection.SelectionTests.test_equal_sequence_uses_source_line_as_documented_tiebreak) ... ok
test_every_row_has_exactly_one_outcome (test_selection.SelectionTests.test_every_row_has_exactly_one_outcome) ... ok
test_invalid_identity_or_sequence_is_quarantined (test_selection.SelectionTests.test_invalid_identity_or_sequence_is_quarantined) ... ok
test_parse_errors_keep_original_reason (test_selection.SelectionTests.test_parse_errors_keep_original_reason) ... ok
test_permutations_preserve_winner_payloads_when_sequences_unique (test_selection.SelectionTests.test_permutations_preserve_winner_payloads_when_sequences_unique) ... ok
test_smallest_sequence_wins_not_file_order (test_selection.SelectionTests.test_smallest_sequence_wins_not_file_order) ... ok
test_strictly_rejected_first_copy_is_not_replaced_by_later_valid_copy (test_selection.SelectionTests.test_strictly_rejected_first_copy_is_not_replaced_by_later_valid_copy) ... ok
test_strictly_rejected_later_copy_is_duplicate_not_quarantine (test_selection.SelectionTests.test_strictly_rejected_later_copy_is_duplicate_not_quarantine) ... ok
test_all_accounts_resolved_eagerly_and_sorted (test_subscription.SubscriptionTests.test_all_accounts_resolved_eagerly_and_sorted) ... ok
test_amounts_are_exact_integers_never_floats (test_subscription.SubscriptionTests.test_amounts_are_exact_integers_never_floats) ... ok
test_days_are_whole_local_calendar_days_across_dst (test_subscription.SubscriptionTests.test_days_are_whole_local_calendar_days_across_dst) ... ok
test_days_never_exceed_period_and_total_fee_conserved_property (test_subscription.SubscriptionTests.test_days_never_exceed_period_and_total_fee_conserved_property) ... ok
test_fee_is_looked_up_in_the_account_currency (test_subscription.SubscriptionTests.test_fee_is_looked_up_in_the_account_currency) ... ok
test_full_period_single_segment_is_full_fee (test_subscription.SubscriptionTests.test_full_period_single_segment_is_full_fee) ... ok
test_gap_inside_period_charges_only_covered_days (test_subscription.SubscriptionTests.test_gap_inside_period_charges_only_covered_days) ... ok
test_half_minor_unit_rounds_up_per_segment (test_subscription.SubscriptionTests.test_half_minor_unit_rounds_up_per_segment) ... ok
test_invalid_segment_definitions_fail_closed (test_subscription.SubscriptionTests.test_invalid_segment_definitions_fail_closed) ... ok
test_mid_period_plan_change_prorates_each_segment (test_subscription.SubscriptionTests.test_mid_period_plan_change_prorates_each_segment) ... ok
test_missing_currency_price_fails_closed (test_subscription.SubscriptionTests.test_missing_currency_price_fails_closed) ... ok
test_no_plan_at_period_end_fails_closed (test_subscription.SubscriptionTests.test_no_plan_at_period_end_fails_closed) ... ok
test_non_money_fee_fails_closed (test_subscription.SubscriptionTests.test_non_money_fee_fails_closed) ... ok
test_overlapping_segments_fail_closed (test_subscription.SubscriptionTests.test_overlapping_segments_fail_closed) ... ok
test_period_days_must_match_local_dates (test_subscription.SubscriptionTests.test_period_days_must_match_local_dates) ... ok
test_plan_change_at_exclusive_period_end_keeps_old_plan (test_subscription.SubscriptionTests.test_plan_change_at_exclusive_period_end_keeps_old_plan) ... ok
test_plan_change_on_last_local_day_selects_new_plan (test_subscription.SubscriptionTests.test_plan_change_on_last_local_day_selects_new_plan) ... ok
test_segment_order_in_input_does_not_matter (test_subscription.SubscriptionTests.test_segment_order_in_input_does_not_matter) ... ok
test_segments_are_clipped_to_the_period (test_subscription.SubscriptionTests.test_segments_are_clipped_to_the_period) ... ok
test_segments_outside_the_period_are_dropped (test_subscription.SubscriptionTests.test_segments_outside_the_period_are_dropped) ... ok
test_subscription_needs_no_usage_events (test_subscription.SubscriptionTests.test_subscription_needs_no_usage_events) ... ok
test_amounts_are_ints_and_units_conserved (test_tiers.TierTests.test_amounts_are_ints_and_units_conserved) ... ok
test_each_boundary_below_at_and_above (test_tiers.TierTests.test_each_boundary_below_at_and_above) ... ok
test_half_minor_unit_rounds_up_per_line (test_tiers.TierTests.test_half_minor_unit_rounds_up_per_line) ... ok
test_invalid_units_are_refused (test_tiers.TierTests.test_invalid_units_are_refused) ... ok
test_lines_are_priced_in_the_requested_currency_only (test_tiers.TierTests.test_lines_are_priced_in_the_requested_currency_only) ... ok
test_unusable_tariffs_fail_closed (test_tiers.TierTests.test_unusable_tariffs_fail_closed) ... ok
test_usage_spanning_several_tiers_is_cumulative_over_the_period (test_tiers.TierTests.test_usage_spanning_several_tiers_is_cumulative_over_the_period) ... ok
test_zero_usage_produces_no_line (test_tiers.TierTests.test_zero_usage_produces_no_line) ... ok
test_account_bounds_resolves_every_account_eagerly (test_timing.TimingTests.test_account_bounds_resolves_every_account_eagerly) ... ok
test_bad_configuration_fails_closed (test_timing.TimingTests.test_bad_configuration_fails_closed) ... ok
test_dst_cutoff_is_elapsed_hours_not_wall_days (test_timing.TimingTests.test_dst_cutoff_is_elapsed_hours_not_wall_days) ... ok
test_equivalent_offsets_have_same_result (test_timing.TimingTests.test_equivalent_offsets_have_same_result) ... ok
test_host_dependent_zone_keys_are_rejected (test_timing.TimingTests.test_host_dependent_zone_keys_are_rejected) ... ok
test_invalid_event_cannot_enter_time_filter (test_timing.TimingTests.test_invalid_event_cannot_enter_time_filter) ... ok
test_late_boundary_is_inclusive (test_timing.TimingTests.test_late_boundary_is_inclusive) ... ok
test_outside_period_precedes_late (test_timing.TimingTests.test_outside_period_precedes_late) ... ok
test_period_boundaries_in_all_source_zones (test_timing.TimingTests.test_period_boundaries_in_all_source_zones) ... ok
test_period_dates_use_the_same_strict_parser_as_subscription (test_timing.TimingTests.test_period_dates_use_the_same_strict_parser_as_subscription) ... ok
test_submicrosecond_cutoff_and_period_boundaries (test_timing.TimingTests.test_submicrosecond_cutoff_and_period_boundaries) ... ok
test_all_reasons_have_fixed_precedence (test_validation.ValidationTests.test_all_reasons_have_fixed_precedence) ... ok
test_deduplication_cannot_repair_invalid_first_copy (test_validation.ValidationTests.test_deduplication_cannot_repair_invalid_first_copy) ... ok
test_equivalent_offset_normalizes_to_same_instant (test_validation.ValidationTests.test_equivalent_offset_normalizes_to_same_instant) ... ok
test_invalid_ingestion_timestamp (test_validation.ValidationTests.test_invalid_ingestion_timestamp) ... ok
test_invalid_usage_timestamp (test_validation.ValidationTests.test_invalid_usage_timestamp) ... ok
test_large_integer_is_preserved (test_validation.ValidationTests.test_large_integer_is_preserved) ... ok
test_missing_or_noninteger_units (test_validation.ValidationTests.test_missing_or_noninteger_units) ... ok
test_nonpositive_units (test_validation.ValidationTests.test_nonpositive_units) ... ok
test_unknown_account_without_unhashable_crash (test_validation.ValidationTests.test_unknown_account_without_unhashable_crash) ... ok
test_unknown_metric_without_unhashable_crash (test_validation.ValidationTests.test_unknown_metric_without_unhashable_crash) ... ok
test_valid_event_keeps_source_and_parsed_utc_times (test_validation.ValidationTests.test_valid_event_keeps_source_and_parsed_utc_times) ... ok
test_hashes_bind_actual_package_and_track_mutations (test_verify_scripts.ReceiptBindingTests.test_hashes_bind_actual_package_and_track_mutations) ... ok
test_oracle_keeps_submicrosecond_precision_and_unicode_policy (test_verify_scripts.ReceiptBindingTests.test_oracle_keeps_submicrosecond_precision_and_unicode_policy) ... ok
test_mutation_addition_and_removal_of_package_sources_change_the_hashes (test_verify_scripts.ReceiptHashScopeTests.test_mutation_addition_and_removal_of_package_sources_change_the_hashes) ... ok
test_patterns_bind_the_installed_package_sources_and_lockfiles (test_verify_scripts.ReceiptHashScopeTests.test_patterns_bind_the_installed_package_sources_and_lockfiles) ... ok
test_compare_statuses_refuses_a_misclassified_winner (test_verify_scripts.TimingOracleTests.test_compare_statuses_refuses_a_misclassified_winner) ... ok
test_oracle_agrees_with_pipeline_and_notices_a_misclassified_winner (test_verify_scripts.TimingOracleTests.test_oracle_agrees_with_pipeline_and_notices_a_misclassified_winner) ... ok
test_oracle_handles_extreme_timestamps_like_the_product (test_verify_scripts.TimingOracleTests.test_oracle_handles_extreme_timestamps_like_the_product) ... ok
test_oracle_reproduces_hand_derived_statuses_for_every_line (test_verify_scripts.TimingOracleTests.test_oracle_reproduces_hand_derived_statuses_for_every_line) ... ok
test_artifact_hashes_cover_sources_and_own_log_but_not_other_gates_rewritten_logs (test_verify_scripts.VerifySupportTests.test_artifact_hashes_cover_sources_and_own_log_but_not_other_gates_rewritten_logs) ... ok

----------------------------------------------------------------------
Ran 194 tests in 65.529s

OK
